[agency.templately.com/techport/index.html]
[backblue.gif]
[fade.gif]
[index.html]
[static.live.templately.com/agency/2023/01/06c78b64-banner.png]
[agency.templately.com/wp-content/plugins/elementor/assets/css/frontend-lite.mind5d5.css]
[agency.templately.com/wp-content/plugins/essential-addons-for-elementor-lite/assets/front-end/css/view/general.min37ad.css]
[agency.templately.com/wp-content/uploads/essential-addons-elementor/eael-24527f7a.css]
[agency.templately.com/wp-content/plugins/crowdfundly/assets/public/vendors/bootstrap/css/bootstrap.min605a.css]
[pro.fontawesome.com/releases/v5.10.0/css/all605a.css]
[agency.templately.com/wp-content/plugins/crowdfundly/assets/public/vendors/slick-dist/slick/slick605a.css]
[agency.templately.com/wp-content/plugins/crowdfundly/assets/public/vendors/slick-dist/slick/slick-theme605a.css]
[agency.templately.com/wp-content/plugins/crowdfundly/assets/public/vendors/select2/build/css/select2.min605a.css]
[agency.templately.com/wp-content/plugins/crowdfundly/assets/public/css/crowdfundly-public605a.css]
[agency.templately.com/wp-content/plugins/easyjobs/public/assets/vendor/owl.carousel.min9cd2.css]
[agency.templately.com/wp-content/plugins/easyjobs/public/assets/dist/css/easyjobs-public.min9cd2.css]
[agency.templately.com/wp-content/themes/flexia/framework/assets/site/css/styleb6a4.css]
[agency.templately.com/wp-content/uploads/essential-addons-elementor/eael-18367f7a.css]
[agency.templately.com/wp-content/plugins/elementor/assets/lib/eicons/css/elementor-icons.mine94d.css]
[agency.templately.com/wp-content/plugins/elementor/assets/lib/swiper/v8/css/swiper.min94a4.css]
[agency.templately.com/wp-content/uploads/elementor/css/post-89e86.css]
[agency.templately.com/wp-content/plugins/elementor-pro/assets/css/frontend-lite.min28fc.css]
[agency.templately.com/wp-content/plugins/elementor/assets/lib/font-awesome/css/all.mind5d5.css]
[agency.templately.com/wp-content/plugins/elementor/assets/lib/font-awesome/css/v4-shims.mind5d5.css]
[agency.templately.com/wp-content/uploads/elementor/css/global759e.css]
[agency.templately.com/wp-content/uploads/elementor/css/post-1836634c.css]
[agency.templately.com/wp-content/uploads/elementor/css/post-2452634c.css]
[agency.templately.com/wp-content/uploads/elementor/css/post-2455634c.css]
[agency.templately.com/wp-content/plugins/elementor/assets/lib/font-awesome/css/fontawesome.min52d5.css]
[agency.templately.com/wp-content/plugins/elementor/assets/lib/font-awesome/css/solid.min52d5.css]
[agency.templately.com/wp-content/plugins/elementor/assets/lib/font-awesome/css/brands.min52d5.css]
[agency.templately.com/wp-includes/js/jquery/jquery.minf43b.js]
[agency.templately.com/wp-includes/js/jquery/jquery-migrate.min5589.js]
[agency.templately.com/wp-content/plugins/elementor/assets/lib/font-awesome/js/v4-shims.mind5d5.js]
[static.live.templately.com/woocommerce/2021/06/logo_.png]
[static.live.templately.com/agency/2024/01/38eea6cf-techport-video-icon.png]
[agency.templately.com/techport/blog/index.html]
[static.live.templately.com/woocommerce/2021/08/web-design.png]
[agency.templately.com/techport/about/index.html]
[static.live.templately.com/woocommerce/2021/08/seo-icon.png]
[static.live.templately.com/woocommerce/2021/08/market-icon.png]
[static.live.templately.com/agency/2023/01/685ce463-2.png]
[agency.templately.com/techport/contact/index.html]
[agency.templately.com/techport/service/index.html]
[static.live.templately.com/agency/2023/01/b3e71bb4-3.png]
[static.live.templately.com/woocommerce/2021/06/1.1.png]
[static.live.templately.com/woocommerce/2021/06/3.1.png]
[static.live.templately.com/woocommerce/2021/06/2.1.png]
[static.live.templately.com/woocommerce/2021/06/4.1.png]
[static.live.templately.com/woocommerce/2021/06/1.jpg]
[static.live.templately.com/woocommerce/2021/06/2.jpg]
[static.live.templately.com/woocommerce/2021/06/3.jpg]
[static.live.templately.com/woocommerce/2021/06/image_1-300x203.jpg]
[static.live.templately.com/woocommerce/2021/06/image_2-300x203.jpg]
[static.live.templately.com/woocommerce/2021/06/image_3-300x203.jpg]
[static.live.templately.com/woocommerce/2021/06/logo-white.png]
[agency.templately.com/wp-content/plugins/elementor/assets/css/widget-icon-list.min.css]
[agency.templately.com/wp-content/plugins/fluentform/assets/css/fluent-forms-elementor-widgetf08a.css]
[agency.templately.com/wp-content/plugins/elementor/assets/lib/animations/animations.mind5d5.css]
[agency.templately.com/wp-content/plugins/fluentform/assets/css/fluent-forms-publicf08a.css]
[agency.templately.com/wp-content/plugins/fluentform/assets/css/fluentform-public-defaultf08a.css]
[agency.templately.com/wp-content/plugins/essential-addons-for-elementor-lite/assets/front-end/js/view/general.min37ad.js]
[agency.templately.com/wp-content/uploads/essential-addons-elementor/eael-24527f7a.js]
[agency.templately.com/wp-content/plugins/crowdfundly/assets/public/vendors/bootstrap/js/bootstrap.min605a.js]
[agency.templately.com/wp-content/plugins/crowdfundly/assets/public/vendors/slick-dist/slick/slick.min605a.js]
[agency.templately.com/wp-content/plugins/crowdfundly/assets/public/vendors/sharerJS/sharer.min605a.js]
[agency.templately.com/wp-content/plugins/crowdfundly/assets/public/vendors/sweetalert/sweetalert.min605a.js]
[agency.templately.com/wp-content/plugins/crowdfundly/assets/public/vendors/select2/build/js/select2.min605a.js]
[checkout.razorpay.com/v1/checkout605a.js]
[agency.templately.com/wp-content/plugins/crowdfundly/assets/public/js/public.min605a.js]
[agency.templately.com/wp-content/plugins/easyjobs/public/assets/vendor/owl.carousel.min9cd2.js]
[agency.templately.com/wp-content/plugins/easyjobs/public/assets/dist/js/easyjobs-public.min9cd2.js]
[agency.templately.com/wp-content/themes/flexia/framework/assets/site/js/flexia-scripts.minb6a4.js]
[agency.templately.com/wp-content/uploads/essential-addons-elementor/eael-18367f7a.js]
[agency.templately.com/wp-content/plugins/fluentform/assets/js/form-submissionf08a.js]
[agency.templately.com/wp-content/plugins/elementor-pro/assets/js/webpack-pro.runtime.min28fc.js]
[agency.templately.com/wp-content/plugins/elementor/assets/js/webpack.runtime.mind5d5.js]
[agency.templately.com/wp-content/plugins/elementor/assets/js/frontend-modules.mind5d5.js]
[agency.templately.com/wp-includes/js/dist/hooks.min2757.js]
[agency.templately.com/wp-includes/js/dist/i18n.minc33c.js]
[agency.templately.com/wp-content/plugins/elementor-pro/assets/js/frontend.min28fc.js]
[agency.templately.com/wp-content/plugins/elementor/assets/lib/waypoints/waypoints.min05da.js]
[agency.templately.com/wp-includes/js/jquery/ui/core.minb37e.js]
[agency.templately.com/wp-content/plugins/elementor/assets/js/frontend.mind5d5.js]
[agency.templately.com/techport/index.html]
[agency.templately.com/wp-content/plugins/elementor/assets/css/frontend-lite.mind5d5.css]
[agency.templately.com/wp-content/plugins/essential-addons-for-elementor-lite/assets/front-end/css/view/general.min37ad.css]
[agency.templately.com/wp-content/uploads/essential-addons-elementor/eael-24527f7a.css]
[agency.templately.com/wp-content/plugins/crowdfundly/assets/public/vendors/bootstrap/css/bootstrap.min605a.css]
[pro.fontawesome.com/releases/v5.10.0/css/all605a.css]
[agency.templately.com/wp-content/plugins/crowdfundly/assets/public/vendors/slick-dist/slick/slick605a.css]
[agency.templately.com/wp-content/plugins/elementor-pro/assets/js/elements-handlers.min28fc.js]
[agency.templately.com/wp-content/plugins/crowdfundly/assets/public/vendors/slick-dist/slick/ajax-loader.gif]
[agency.templately.com/wp-content/plugins/crowdfundly/assets/public/vendors/slick-dist/slick/fonts/slick.eot]
[agency.templately.com/wp-content/plugins/crowdfundly/assets/public/vendors/slick-dist/slick/fonts/slickd41d.eot]
[agency.templately.com/wp-content/plugins/crowdfundly/assets/public/vendors/slick-dist/slick/fonts/slick.woff]
[agency.templately.com/wp-content/plugins/crowdfundly/assets/public/vendors/slick-dist/slick/fonts/slick.ttf]
[agency.templately.com/wp-content/plugins/crowdfundly/assets/public/vendors/slick-dist/slick/slick-theme605a.css]
[agency.templately.com/wp-content/plugins/crowdfundly/assets/public/vendors/select2/build/css/select2.min605a.css]
[agency.templately.com/wp-content/plugins/crowdfundly/assets/public/vendors/slick-dist/slick/fonts/slick.svg]
[agency.templately.com/wp-content/plugins/crowdfundly/assets/images/public/caret-down.png]
[agency.templately.com/wp-content/plugins/crowdfundly/assets/public/css/crowdfundly-public605a.css]
[agency.templately.com/wp-content/plugins/easyjobs/public/assets/vendor/owl.carousel.min9cd2.css]
[agency.templately.com/wp-content/plugins/easyjobs/public/assets/dist/css/easyjobs-public.min9cd2.css]
[agency.templately.com/wp-content/themes/flexia/framework/assets/site/css/styleb6a4.css]
[agency.templately.com/wp-content/uploads/essential-addons-elementor/eael-18367f7a.css]
[agency.templately.com/wp-content/plugins/elementor/assets/lib/eicons/css/elementor-icons.mine94d.css]
[agency.templately.com/wp-content/plugins/elementor/assets/lib/swiper/v8/css/swiper.min94a4.css]
[agency.templately.com/wp-content/uploads/elementor/css/post-89e86.css]
[agency.templately.com/wp-content/plugins/elementor-pro/assets/css/frontend-lite.min28fc.css]
[agency.templately.com/wp-content/plugins/elementor/assets/lib/font-awesome/css/all.mind5d5.css]
[agency.templately.com/wp-content/plugins/elementor/assets/lib/font-awesome/css/v4-shims.mind5d5.css]
[agency.templately.com/wp-content/uploads/elementor/css/global759e.css]
[agency.templately.com/wp-content/uploads/elementor/css/post-1836634c.css]
[agency.templately.com/wp-content/uploads/elementor/css/post-2452634c.css]
[agency.templately.com/wp-content/uploads/elementor/css/post-2455634c.css]
[agency.templately.com/wp-content/plugins/elementor/assets/lib/font-awesome/css/fontawesome.min52d5.css]
[agency.templately.com/wp-content/plugins/elementor/assets/lib/font-awesome/css/solid.min52d5.css]
[agency.templately.com/wp-content/plugins/elementor/assets/lib/font-awesome/css/brands.min52d5.css]
[static.live.templately.com/agency/2023/01/a528c32a-about-1.png]
[agency.templately.com/wp-content/uploads/essential-addons-elementor/eael-24528548.css]
[agency.templately.com/wp-content/uploads/essential-addons-elementor/eael-18398548.css]
[agency.templately.com/wp-content/uploads/elementor/css/post-1839e1d7.css]
[static.live.templately.com/agency/2023/01/2ed3db33-about-2.png]
[static.live.templately.com/woocommerce/2021/06/team-1.png]
[static.live.templately.com/woocommerce/2021/06/team-2-1.png]
[static.live.templately.com/woocommerce/2021/06/team-4.png]
[static.live.templately.com/woocommerce/2021/06/team-3.png]
[agency.templately.com/wp-content/uploads/essential-addons-elementor/eael-24528548.js]
[agency.templately.com/techport/about/index.html]
[agency.templately.com/wp-content/uploads/essential-addons-elementor/eael-18398548.js]
[agency.templately.com/wp-content/uploads/essential-addons-elementor/eael-2452a821.css]
[agency.templately.com/wp-content/uploads/essential-addons-elementor/eael-1843a821.css]
[agency.templately.com/wp-content/uploads/elementor/css/post-18430cc8.css]
[static.live.templately.com/woocommerce/2021/06/image-4-1-300x203.jpg]
[static.live.templately.com/woocommerce/2021/06/image-5-1-300x203.jpg]
[static.live.templately.com/woocommerce/2021/06/image-6-1-300x203.jpg]
[static.live.templately.com/woocommerce/2021/06/image-7-1-300x203.jpg]
[static.live.templately.com/woocommerce/2021/06/image-8-1-300x203.jpg]
[static.live.templately.com/woocommerce/2021/06/image-9-2-300x203.jpg]
[static.live.templately.com/woocommerce/2021/06/image-10-2-300x203.jpg]
[static.live.templately.com/woocommerce/2021/06/11-300x203.jpg]
[static.live.templately.com/woocommerce/2021/06/12-300x203.jpg]
[agency.templately.com/wp-content/uploads/essential-addons-elementor/eael-2452a821.js]
[agency.templately.com/techport/blog/index.html]
[agency.templately.com/wp-content/uploads/essential-addons-elementor/eael-1843a821.js]
[agency.templately.com/wp-content/uploads/essential-addons-elementor/eael-24520fb9.css]
[agency.templately.com/wp-content/uploads/essential-addons-elementor/eael-18410fb9.css]
[agency.templately.com/wp-content/uploads/elementor/css/post-1841ed12.css]
[agency.templately.com/wp-content/plugins/elementor/assets/lib/font-awesome/css/regular.min52d5.css]
[static.live.templately.com/woocommerce/2021/08/emails-icon.png]
[static.live.templately.com/woocommerce/2021/08/digital-icon.png]
[static.live.templately.com/woocommerce/2021/08/support-icon.png]
[agency.templately.com/wp-content/uploads/essential-addons-elementor/eael-24520fb9.js]
[agency.templately.com/techport/service/index.html]
[agency.templately.com/wp-content/uploads/essential-addons-elementor/eael-18410fb9.js]
[static.live.templately.com/woocommerce/2021/06/image.png]
[agency.templately.com/wp-content/uploads/essential-addons-elementor/eael-2452715f.css]
[agency.templately.com/wp-content/uploads/essential-addons-elementor/eael-1845715f.css]
[agency.templately.com/wp-content/uploads/elementor/css/post-18450cc8.css]
[agency.templately.com/wp-content/uploads/essential-addons-elementor/eael-2452715f.js]
[agency.templately.com/techport/contact/index.html]
[agency.templately.com/techport/woocommerce/2021/06/2.1.html]
[agency.templately.com/techport/woocommerce/2021/06/4.1.html]
[agency.templately.com/techport/woocommerce/2021/06/dot-blue.html]
[agency.templately.com/wp-content/plugins/elementor/assets/css/widget-icon-list.min.css]
[agency.templately.com/wp-content/plugins/fluentform/assets/css/fluent-forms-elementor-widgetf08a.css]
[agency.templately.com/wp-content/plugins/elementor/assets/lib/animations/animations.mind5d5.css]
[agency.templately.com/wp-content/plugins/fluentform/assets/css/fluent-forms-publicf08a.css]
[agency.templately.com/wp-content/plugins/fluentform/assets/css/fluentform-public-defaultf08a.css]
[agency.templately.com/wp-content/plugins/crowdfundly/assets/public/vendors/slick-dist/slick/fonts/slick.svg]
[agency.templately.com/wp-content/plugins/easyjobs/public/assets/vendor/owl.video.play.html]
[agency.templately.com/wp-content/themes/flexia/framework/assets/site/img/icons/icon-angle-down.html]
[agency.templately.com/wp-content/uploads/essential-addons-elementor/eael-24528548.css]
[agency.templately.com/wp-content/uploads/essential-addons-elementor/eael-18398548.css]
[agency.templately.com/wp-content/uploads/elementor/css/post-1839e1d7.css]
[agency.templately.com/techport/about/woocommerce/2021/06/2.1.html]
[agency.templately.com/techport/about/woocommerce/2021/06/4.1.html]
[agency.templately.com/techport/about/woocommerce/2021/06/dot.html]
[agency.templately.com/techport/about/woocommerce/2021/06/image_1.html]
[agency.templately.com/techport/about/woocommerce/2021/06/image_2.html]
[agency.templately.com/techport/about/woocommerce/2021/06/image_3.html]
[agency.templately.com/wp-content/uploads/essential-addons-elementor/eael-2452a821.css]
[agency.templately.com/wp-content/uploads/essential-addons-elementor/eael-1843a821.css]
[agency.templately.com/wp-content/uploads/elementor/css/post-18430cc8.css]
[agency.templately.com/wp-content/uploads/essential-addons-elementor/eael-24520fb9.css]
[agency.templately.com/wp-content/uploads/essential-addons-elementor/eael-18410fb9.css]
[agency.templately.com/wp-content/uploads/elementor/css/post-1841ed12.css]
[agency.templately.com/wp-content/plugins/elementor/assets/lib/font-awesome/css/regular.min52d5.css]
[agency.templately.com/techport/service/woocommerce/2021/06/dot.html]
[agency.templately.com/wp-content/uploads/essential-addons-elementor/eael-2452715f.css]
[agency.templately.com/wp-content/uploads/essential-addons-elementor/eael-1845715f.css]
[agency.templately.com/wp-content/uploads/elementor/css/post-18450cc8.css]
[agency.templately.com/wp-content/uploads/essential-addons-elementor/eael-1845715f.js]
